Analysis & Synthesis report for riscv
Sun Jun  8 16:42:07 2025
Quartus Prime Version 24.1std.0 Build 1077 03/04/2025 SC Lite Edition


---------------------
; Table of Contents ;
---------------------
  1. Legal Notice
  2. Analysis & Synthesis Summary
  3. Analysis & Synthesis Settings
  4. Parallel Compilation
  5. Analysis & Synthesis Source Files Read
  6. Analysis & Synthesis Resource Usage Summary
  7. Analysis & Synthesis Resource Utilization by Entity
  8. Analysis & Synthesis RAM Summary
  9. Analysis & Synthesis IP Cores Summary
 10. Registers Removed During Synthesis
 11. General Register Statistics
 12. Inverted Register Statistics
 13. Multiplexer Restructuring Statistics (Restructuring Performed)
 14. Source assignments for Uniciclo:UNI1|ramI:MemC|altsyncram:altsyncram_component|altsyncram_s9s3:auto_generated
 15. Source assignments for Uniciclo:UNI1|ramD:MemD|altsyncram:altsyncram_component|altsyncram_aos3:auto_generated
 16. Parameter Settings for User Entity Instance: Uniciclo:UNI1|ramI:MemC|altsyncram:altsyncram_component
 17. Parameter Settings for User Entity Instance: Uniciclo:UNI1|ramD:MemD|altsyncram:altsyncram_component
 18. Parameter Settings for User Entity Instance: Uniciclo:UNI1|xregs:Regs1
 19. altsyncram Parameter Settings by Entity Instance
 20. Port Connectivity Checks: "Uniciclo:UNI1|ControlUnit:CU1"
 21. Port Connectivity Checks: "Uniciclo:UNI1|ramI:MemC"
 22. Post-Synthesis Netlist Statistics for Top Partition
 23. Elapsed Time Per Partition
 24. Analysis & Synthesis Messages



----------------
; Legal Notice ;
----------------
Copyright (C) 2025  Altera Corporation. All rights reserved.
Your use of Altera Corporation's design tools, logic functions 
and other software and tools, and any partner logic 
functions, and any output files from any of the foregoing 
(including device programming or simulation files), and any 
associated documentation or information are expressly subject 
to the terms and conditions of the Altera Program License 
Subscription Agreement, the Altera Quartus Prime License Agreement,
the Altera IP License Agreement, or other applicable license
agreement, including, without limitation, that your use is for
the sole purpose of programming logic devices manufactured by
Altera and sold by Altera or its authorized distributors.  Please
refer to the Altera Software License Subscription Agreements 
on the Quartus Prime software download page.



+--------------------------------------------------------------------------------------+
; Analysis & Synthesis Summary                                                         ;
+------------------------------------+-------------------------------------------------+
; Analysis & Synthesis Status        ; Successful - Sun Jun  8 16:42:07 2025           ;
; Quartus Prime Version              ; 24.1std.0 Build 1077 03/04/2025 SC Lite Edition ;
; Revision Name                      ; riscv                                           ;
; Top-level Entity Name              ; TopDE                                           ;
; Family                             ; Cyclone IV E                                    ;
; Total logic elements               ; 3,506                                           ;
;     Total combinational functions  ; 2,558                                           ;
;     Dedicated logic registers      ; 1,025                                           ;
; Total registers                    ; 1025                                            ;
; Total pins                         ; 108                                             ;
; Total virtual pins                 ; 0                                               ;
; Total memory bits                  ; 65,536                                          ;
; Embedded Multiplier 9-bit elements ; 0                                               ;
; Total PLLs                         ; 0                                               ;
+------------------------------------+-------------------------------------------------+


+------------------------------------------------------------------------------------------------------------+
; Analysis & Synthesis Settings                                                                              ;
+------------------------------------------------------------------+--------------------+--------------------+
; Option                                                           ; Setting            ; Default Value      ;
+------------------------------------------------------------------+--------------------+--------------------+
; Top-level entity name                                            ; TopDE              ; riscv              ;
; Family name                                                      ; Cyclone IV E       ; Cyclone V          ;
; Use smart compilation                                            ; Off                ; Off                ;
; Enable parallel Assembler and Timing Analyzer during compilation ; On                 ; On                 ;
; Enable compact report table                                      ; Off                ; Off                ;
; Restructure Multiplexers                                         ; Auto               ; Auto               ;
; Create Debugging Nodes for IP Cores                              ; Off                ; Off                ;
; Preserve fewer node names                                        ; On                 ; On                 ;
; Intel FPGA IP Evaluation Mode                                    ; Enable             ; Enable             ;
; Verilog Version                                                  ; Verilog_2001       ; Verilog_2001       ;
; VHDL Version                                                     ; VHDL_1993          ; VHDL_1993          ;
; State Machine Processing                                         ; Auto               ; Auto               ;
; Safe State Machine                                               ; Off                ; Off                ;
; Extract Verilog State Machines                                   ; On                 ; On                 ;
; Extract VHDL State Machines                                      ; On                 ; On                 ;
; Ignore Verilog initial constructs                                ; Off                ; Off                ;
; Iteration limit for constant Verilog loops                       ; 5000               ; 5000               ;
; Iteration limit for non-constant Verilog loops                   ; 250                ; 250                ;
; Add Pass-Through Logic to Inferred RAMs                          ; On                 ; On                 ;
; Infer RAMs from Raw Logic                                        ; On                 ; On                 ;
; Parallel Synthesis                                               ; On                 ; On                 ;
; DSP Block Balancing                                              ; Auto               ; Auto               ;
; NOT Gate Push-Back                                               ; On                 ; On                 ;
; Power-Up Don't Care                                              ; On                 ; On                 ;
; Remove Redundant Logic Cells                                     ; Off                ; Off                ;
; Remove Duplicate Registers                                       ; On                 ; On                 ;
; Ignore CARRY Buffers                                             ; Off                ; Off                ;
; Ignore CASCADE Buffers                                           ; Off                ; Off                ;
; Ignore GLOBAL Buffers                                            ; Off                ; Off                ;
; Ignore ROW GLOBAL Buffers                                        ; Off                ; Off                ;
; Ignore LCELL Buffers                                             ; Off                ; Off                ;
; Ignore SOFT Buffers                                              ; On                 ; On                 ;
; Limit AHDL Integers to 32 Bits                                   ; Off                ; Off                ;
; Optimization Technique                                           ; Balanced           ; Balanced           ;
; Carry Chain Length                                               ; 70                 ; 70                 ;
; Auto Carry Chains                                                ; On                 ; On                 ;
; Auto Open-Drain Pins                                             ; On                 ; On                 ;
; Perform WYSIWYG Primitive Resynthesis                            ; Off                ; Off                ;
; Auto ROM Replacement                                             ; On                 ; On                 ;
; Auto RAM Replacement                                             ; On                 ; On                 ;
; Auto DSP Block Replacement                                       ; On                 ; On                 ;
; Auto Shift Register Replacement                                  ; Auto               ; Auto               ;
; Allow Shift Register Merging across Hierarchies                  ; Auto               ; Auto               ;
; Auto Clock Enable Replacement                                    ; On                 ; On                 ;
; Strict RAM Replacement                                           ; Off                ; Off                ;
; Allow Synchronous Control Signals                                ; On                 ; On                 ;
; Force Use of Synchronous Clear Signals                           ; Off                ; Off                ;
; Auto RAM Block Balancing                                         ; On                 ; On                 ;
; Auto RAM to Logic Cell Conversion                                ; Off                ; Off                ;
; Auto Resource Sharing                                            ; Off                ; Off                ;
; Allow Any RAM Size For Recognition                               ; Off                ; Off                ;
; Allow Any ROM Size For Recognition                               ; Off                ; Off                ;
; Allow Any Shift Register Size For Recognition                    ; Off                ; Off                ;
; Use LogicLock Constraints during Resource Balancing              ; On                 ; On                 ;
; Ignore translate_off and synthesis_off directives                ; Off                ; Off                ;
; Timing-Driven Synthesis                                          ; On                 ; On                 ;
; Report Parameter Settings                                        ; On                 ; On                 ;
; Report Source Assignments                                        ; On                 ; On                 ;
; Report Connectivity Checks                                       ; On                 ; On                 ;
; Ignore Maximum Fan-Out Assignments                               ; Off                ; Off                ;
; Synchronization Register Chain Length                            ; 2                  ; 2                  ;
; Power Optimization During Synthesis                              ; Normal compilation ; Normal compilation ;
; HDL message level                                                ; Level2             ; Level2             ;
; Suppress Register Optimization Related Messages                  ; Off                ; Off                ;
; Number of Removed Registers Reported in Synthesis Report         ; 5000               ; 5000               ;
; Number of Swept Nodes Reported in Synthesis Report               ; 5000               ; 5000               ;
; Number of Inverted Registers Reported in Synthesis Report        ; 100                ; 100                ;
; Clock MUX Protection                                             ; On                 ; On                 ;
; Auto Gated Clock Conversion                                      ; Off                ; Off                ;
; Block Design Naming                                              ; Auto               ; Auto               ;
; SDC constraint protection                                        ; Off                ; Off                ;
; Synthesis Effort                                                 ; Auto               ; Auto               ;
; Shift Register Replacement - Allow Asynchronous Clear Signal     ; On                 ; On                 ;
; Pre-Mapping Resynthesis Optimization                             ; Off                ; Off                ;
; Analysis & Synthesis Message Level                               ; Medium             ; Medium             ;
; Disable Register Merging Across Hierarchies                      ; Auto               ; Auto               ;
; Resource Aware Inference For Block RAM                           ; On                 ; On                 ;
+------------------------------------------------------------------+--------------------+--------------------+


+------------------------------------------+
; Parallel Compilation                     ;
+----------------------------+-------------+
; Processors                 ; Number      ;
+----------------------------+-------------+
; Number detected on machine ; 12          ;
; Maximum allowed            ; 12          ;
;                            ;             ;
; Average used               ; 1.01        ;
; Maximum used               ; 12          ;
;                            ;             ;
; Usage by Processor         ; % Time Used ;
;     Processor 1            ; 100.0%      ;
;     Processor 2            ;   0.1%      ;
;     Processor 3            ;   0.1%      ;
;     Processor 4            ;   0.1%      ;
;     Processor 5            ;   0.1%      ;
;     Processor 6            ;   0.0%      ;
;     Processor 7            ;   0.0%      ;
;     Processor 8            ;   0.0%      ;
;     Processors 9-12        ;   0.0%      ;
+----------------------------+-------------+


+--------------------------------------------------------------------------------------------------------------------------------------------------------------------------------------+
; Analysis & Synthesis Source Files Read                                                                                                                                               ;
+----------------------------------+-----------------+----------------------------------------+------------------------------------------------------------------------------+---------+
; File Name with User-Entered Path ; Used in Netlist ; File Type                              ; File Name with Absolute Path                                                 ; Library ;
+----------------------------------+-----------------+----------------------------------------+------------------------------------------------------------------------------+---------+
; alu.vhd                          ; yes             ; User VHDL File                         ; C:/tempOAC/riscv_restored/alu.vhd                                            ;         ;
; genImm32.vhd                     ; yes             ; User VHDL File                         ; C:/tempOAC/riscv_restored/genImm32.vhd                                       ;         ;
; xreg.vhd                         ; yes             ; User VHDL File                         ; C:/tempOAC/riscv_restored/xreg.vhd                                           ;         ;
; riscv_pkg.vhd                    ; yes             ; User VHDL File                         ; C:/tempOAC/riscv_restored/riscv_pkg.vhd                                      ;         ;
; TopDE.vhd                        ; yes             ; User VHDL File                         ; C:/tempOAC/riscv_restored/TopDE.vhd                                          ;         ;
; uniciclo.vhd                     ; yes             ; User VHDL File                         ; C:/tempOAC/riscv_restored/uniciclo.vhd                                       ;         ;
; ramI.vhd                         ; yes             ; User Wizard-Generated File             ; C:/tempOAC/riscv_restored/ramI.vhd                                           ;         ;
; ramD.vhd                         ; yes             ; User Wizard-Generated File             ; C:/tempOAC/riscv_restored/ramD.vhd                                           ;         ;
; control_unit.vhd                 ; yes             ; User VHDL File                         ; C:/tempOAC/riscv_restored/control_unit.vhd                                   ;         ;
; ula_control.vhd                  ; yes             ; User VHDL File                         ; C:/tempOAC/riscv_restored/ula_control.vhd                                    ;         ;
; altsyncram.tdf                   ; yes             ; Megafunction                           ; c:/altera_lite/24.1std/quartus/libraries/megafunctions/altsyncram.tdf        ;         ;
; stratix_ram_block.inc            ; yes             ; Megafunction                           ; c:/altera_lite/24.1std/quartus/libraries/megafunctions/stratix_ram_block.inc ;         ;
; lpm_mux.inc                      ; yes             ; Megafunction                           ; c:/altera_lite/24.1std/quartus/libraries/megafunctions/lpm_mux.inc           ;         ;
; lpm_decode.inc                   ; yes             ; Megafunction                           ; c:/altera_lite/24.1std/quartus/libraries/megafunctions/lpm_decode.inc        ;         ;
; aglobal241.inc                   ; yes             ; Megafunction                           ; c:/altera_lite/24.1std/quartus/libraries/megafunctions/aglobal241.inc        ;         ;
; a_rdenreg.inc                    ; yes             ; Megafunction                           ; c:/altera_lite/24.1std/quartus/libraries/megafunctions/a_rdenreg.inc         ;         ;
; altrom.inc                       ; yes             ; Megafunction                           ; c:/altera_lite/24.1std/quartus/libraries/megafunctions/altrom.inc            ;         ;
; altram.inc                       ; yes             ; Megafunction                           ; c:/altera_lite/24.1std/quartus/libraries/megafunctions/altram.inc            ;         ;
; altdpram.inc                     ; yes             ; Megafunction                           ; c:/altera_lite/24.1std/quartus/libraries/megafunctions/altdpram.inc          ;         ;
; db/altsyncram_s9s3.tdf           ; yes             ; Auto-Generated Megafunction            ; C:/tempOAC/riscv_restored/db/altsyncram_s9s3.tdf                             ;         ;
; de1_text.mif                     ; yes             ; Auto-Found Memory Initialization File  ; C:/tempOAC/riscv_restored/de1_text.mif                                       ;         ;
; db/altsyncram_aos3.tdf           ; yes             ; Auto-Generated Megafunction            ; C:/tempOAC/riscv_restored/db/altsyncram_aos3.tdf                             ;         ;
+----------------------------------+-----------------+----------------------------------------+------------------------------------------------------------------------------+---------+


+-----------------------------------------------------------------+
; Analysis & Synthesis Resource Usage Summary                     ;
+---------------------------------------------+-------------------+
; Resource                                    ; Usage             ;
+---------------------------------------------+-------------------+
; Estimated Total logic elements              ; 3,506             ;
;                                             ;                   ;
; Total combinational functions               ; 2558              ;
; Logic element usage by number of LUT inputs ;                   ;
;     -- 4 input functions                    ; 2215              ;
;     -- 3 input functions                    ; 283               ;
;     -- <=2 input functions                  ; 60                ;
;                                             ;                   ;
; Logic elements by mode                      ;                   ;
;     -- normal mode                          ; 2374              ;
;     -- arithmetic mode                      ; 184               ;
;                                             ;                   ;
; Total registers                             ; 1025              ;
;     -- Dedicated logic registers            ; 1025              ;
;     -- I/O registers                        ; 0                 ;
;                                             ;                   ;
; I/O pins                                    ; 108               ;
; Total memory bits                           ; 65536             ;
;                                             ;                   ;
; Embedded Multiplier 9-bit elements          ; 0                 ;
;                                             ;                   ;
; Maximum fan-out node                        ; ClockDIV_internal ;
; Maximum fan-out                             ; 1026              ;
; Total fan-out                               ; 14944             ;
; Average fan-out                             ; 3.87              ;
+---------------------------------------------+-------------------+


+----------------------------------------------------------------------------------------------------------------------------------------------------------------------------------------------------------------------------------------------------------------------------------------------------------+
; Analysis & Synthesis Resource Utilization by Entity                                                                                                                                                                                                                                                      ;
+----------------------------------------------+---------------------+---------------------------+-------------+--------------+---------+-----------+------+--------------+-----------------------------------------------------------------------------------------------+-----------------+--------------+
; Compilation Hierarchy Node                   ; Combinational ALUTs ; Dedicated Logic Registers ; Memory Bits ; DSP Elements ; DSP 9x9 ; DSP 18x18 ; Pins ; Virtual Pins ; Full Hierarchy Name                                                                           ; Entity Name     ; Library Name ;
+----------------------------------------------+---------------------+---------------------------+-------------+--------------+---------+-----------+------+--------------+-----------------------------------------------------------------------------------------------+-----------------+--------------+
; |TopDE                                       ; 2558 (2)            ; 1025 (1)                  ; 65536       ; 0            ; 0       ; 0         ; 108  ; 0            ; |TopDE                                                                                        ; TopDE           ; work         ;
;    |Uniciclo:UNI1|                           ; 2556 (300)          ; 1024 (32)                 ; 65536       ; 0            ; 0       ; 0         ; 0    ; 0            ; |TopDE|Uniciclo:UNI1                                                                          ; Uniciclo        ; work         ;
;       |ALU:ALU1|                             ; 126 (126)           ; 0 (0)                     ; 0           ; 0            ; 0       ; 0         ; 0    ; 0            ; |TopDE|Uniciclo:UNI1|ALU:ALU1                                                                 ; ALU             ; work         ;
;       |ALUControl:ALUCtrl1|                  ; 8 (8)               ; 0 (0)                     ; 0           ; 0            ; 0       ; 0         ; 0    ; 0            ; |TopDE|Uniciclo:UNI1|ALUControl:ALUCtrl1                                                      ; ALUControl      ; work         ;
;       |ControlUnit:CU1|                      ; 15 (15)             ; 0 (0)                     ; 0           ; 0            ; 0       ; 0         ; 0    ; 0            ; |TopDE|Uniciclo:UNI1|ControlUnit:CU1                                                          ; ControlUnit     ; work         ;
;       |genImm32:ImmGen1|                     ; 35 (35)             ; 0 (0)                     ; 0           ; 0            ; 0       ; 0         ; 0    ; 0            ; |TopDE|Uniciclo:UNI1|genImm32:ImmGen1                                                         ; genImm32        ; work         ;
;       |ramD:MemD|                            ; 0 (0)               ; 0 (0)                     ; 32768       ; 0            ; 0       ; 0         ; 0    ; 0            ; |TopDE|Uniciclo:UNI1|ramD:MemD                                                                ; ramD            ; work         ;
;          |altsyncram:altsyncram_component|   ; 0 (0)               ; 0 (0)                     ; 32768       ; 0            ; 0       ; 0         ; 0    ; 0            ; |TopDE|Uniciclo:UNI1|ramD:MemD|altsyncram:altsyncram_component                                ; altsyncram      ; work         ;
;             |altsyncram_aos3:auto_generated| ; 0 (0)               ; 0 (0)                     ; 32768       ; 0            ; 0       ; 0         ; 0    ; 0            ; |TopDE|Uniciclo:UNI1|ramD:MemD|altsyncram:altsyncram_component|altsyncram_aos3:auto_generated ; altsyncram_aos3 ; work         ;
;       |ramI:MemC|                            ; 0 (0)               ; 0 (0)                     ; 32768       ; 0            ; 0       ; 0         ; 0    ; 0            ; |TopDE|Uniciclo:UNI1|ramI:MemC                                                                ; ramI            ; work         ;
;          |altsyncram:altsyncram_component|   ; 0 (0)               ; 0 (0)                     ; 32768       ; 0            ; 0       ; 0         ; 0    ; 0            ; |TopDE|Uniciclo:UNI1|ramI:MemC|altsyncram:altsyncram_component                                ; altsyncram      ; work         ;
;             |altsyncram_s9s3:auto_generated| ; 0 (0)               ; 0 (0)                     ; 32768       ; 0            ; 0       ; 0         ; 0    ; 0            ; |TopDE|Uniciclo:UNI1|ramI:MemC|altsyncram:altsyncram_component|altsyncram_s9s3:auto_generated ; altsyncram_s9s3 ; work         ;
;       |xregs:Regs1|                          ; 2072 (2072)         ; 992 (992)                 ; 0           ; 0            ; 0       ; 0         ; 0    ; 0            ; |TopDE|Uniciclo:UNI1|xregs:Regs1                                                              ; xregs           ; work         ;
+----------------------------------------------+---------------------+---------------------------+-------------+--------------+---------+-----------+------+--------------+-----------------------------------------------------------------------------------------------+-----------------+--------------+
Note: For table entries with two numbers listed, the numbers in parentheses indicate the number of resources of the given type used by the specific entity alone. The numbers listed outside of parentheses indicate the total resources of the given type used by the specific entity and all of its sub-entities in the hierarchy.


+-----------------------------------------------------------------------------------------------------------------------------------------------------------------------------------------------------------+
; Analysis & Synthesis RAM Summary                                                                                                                                                                          ;
+---------------------------------------------------------------------------------------------------+------+-------------+--------------+--------------+--------------+--------------+-------+--------------+
; Name                                                                                              ; Type ; Mode        ; Port A Depth ; Port A Width ; Port B Depth ; Port B Width ; Size  ; MIF          ;
+---------------------------------------------------------------------------------------------------+------+-------------+--------------+--------------+--------------+--------------+-------+--------------+
; Uniciclo:UNI1|ramD:MemD|altsyncram:altsyncram_component|altsyncram_aos3:auto_generated|ALTSYNCRAM ; AUTO ; Single Port ; 1024         ; 32           ; --           ; --           ; 32768 ; None         ;
; Uniciclo:UNI1|ramI:MemC|altsyncram:altsyncram_component|altsyncram_s9s3:auto_generated|ALTSYNCRAM ; AUTO ; Single Port ; 1024         ; 32           ; --           ; --           ; 32768 ; de1_text.mif ;
+---------------------------------------------------------------------------------------------------+------+-------------+--------------+--------------+--------------+--------------+-------+--------------+


+------------------------------------------------------------------------------------------------------------------+
; Analysis & Synthesis IP Cores Summary                                                                            ;
+--------+--------------+---------+--------------+--------------+--------------------------------+-----------------+
; Vendor ; IP Core Name ; Version ; Release Date ; License Type ; Entity Instance                ; IP Include File ;
+--------+--------------+---------+--------------+--------------+--------------------------------+-----------------+
; Altera ; RAM: 1-PORT  ; 24.1    ; N/A          ; N/A          ; |TopDE|Uniciclo:UNI1|ramI:MemC ; ramI.vhd        ;
; Altera ; RAM: 1-PORT  ; 24.1    ; N/A          ; N/A          ; |TopDE|Uniciclo:UNI1|ramD:MemD ; ramD.vhd        ;
+--------+--------------+---------+--------------+--------------+--------------------------------+-----------------+


+---------------------------------------------------------------------------------------+
; Registers Removed During Synthesis                                                    ;
+-----------------------------------------+---------------------------------------------+
; Register name                           ; Reason for Removal                          ;
+-----------------------------------------+---------------------------------------------+
; Uniciclo:UNI1|xregs:Regs1|xreg32[0][0]  ; Stuck at GND due to stuck port clock_enable ;
; Uniciclo:UNI1|xregs:Regs1|xreg32[0][1]  ; Stuck at GND due to stuck port clock_enable ;
; Uniciclo:UNI1|xregs:Regs1|xreg32[0][2]  ; Stuck at GND due to stuck port clock_enable ;
; Uniciclo:UNI1|xregs:Regs1|xreg32[0][3]  ; Stuck at GND due to stuck port clock_enable ;
; Uniciclo:UNI1|xregs:Regs1|xreg32[0][4]  ; Stuck at GND due to stuck port clock_enable ;
; Uniciclo:UNI1|xregs:Regs1|xreg32[0][5]  ; Stuck at GND due to stuck port clock_enable ;
; Uniciclo:UNI1|xregs:Regs1|xreg32[0][6]  ; Stuck at GND due to stuck port clock_enable ;
; Uniciclo:UNI1|xregs:Regs1|xreg32[0][7]  ; Stuck at GND due to stuck port clock_enable ;
; Uniciclo:UNI1|xregs:Regs1|xreg32[0][8]  ; Stuck at GND due to stuck port clock_enable ;
; Uniciclo:UNI1|xregs:Regs1|xreg32[0][9]  ; Stuck at GND due to stuck port clock_enable ;
; Uniciclo:UNI1|xregs:Regs1|xreg32[0][10] ; Stuck at GND due to stuck port clock_enable ;
; Uniciclo:UNI1|xregs:Regs1|xreg32[0][11] ; Stuck at GND due to stuck port clock_enable ;
; Uniciclo:UNI1|xregs:Regs1|xreg32[0][12] ; Stuck at GND due to stuck port clock_enable ;
; Uniciclo:UNI1|xregs:Regs1|xreg32[0][13] ; Stuck at GND due to stuck port clock_enable ;
; Uniciclo:UNI1|xregs:Regs1|xreg32[0][14] ; Stuck at GND due to stuck port clock_enable ;
; Uniciclo:UNI1|xregs:Regs1|xreg32[0][15] ; Stuck at GND due to stuck port clock_enable ;
; Uniciclo:UNI1|xregs:Regs1|xreg32[0][16] ; Stuck at GND due to stuck port clock_enable ;
; Uniciclo:UNI1|xregs:Regs1|xreg32[0][17] ; Stuck at GND due to stuck port clock_enable ;
; Uniciclo:UNI1|xregs:Regs1|xreg32[0][18] ; Stuck at GND due to stuck port clock_enable ;
; Uniciclo:UNI1|xregs:Regs1|xreg32[0][19] ; Stuck at GND due to stuck port clock_enable ;
; Uniciclo:UNI1|xregs:Regs1|xreg32[0][20] ; Stuck at GND due to stuck port clock_enable ;
; Uniciclo:UNI1|xregs:Regs1|xreg32[0][21] ; Stuck at GND due to stuck port clock_enable ;
; Uniciclo:UNI1|xregs:Regs1|xreg32[0][22] ; Stuck at GND due to stuck port clock_enable ;
; Uniciclo:UNI1|xregs:Regs1|xreg32[0][23] ; Stuck at GND due to stuck port clock_enable ;
; Uniciclo:UNI1|xregs:Regs1|xreg32[0][24] ; Stuck at GND due to stuck port clock_enable ;
; Uniciclo:UNI1|xregs:Regs1|xreg32[0][25] ; Stuck at GND due to stuck port clock_enable ;
; Uniciclo:UNI1|xregs:Regs1|xreg32[0][26] ; Stuck at GND due to stuck port clock_enable ;
; Uniciclo:UNI1|xregs:Regs1|xreg32[0][27] ; Stuck at GND due to stuck port clock_enable ;
; Uniciclo:UNI1|xregs:Regs1|xreg32[0][28] ; Stuck at GND due to stuck port clock_enable ;
; Uniciclo:UNI1|xregs:Regs1|xreg32[0][29] ; Stuck at GND due to stuck port clock_enable ;
; Uniciclo:UNI1|xregs:Regs1|xreg32[0][30] ; Stuck at GND due to stuck port clock_enable ;
; Uniciclo:UNI1|xregs:Regs1|xreg32[0][31] ; Stuck at GND due to stuck port clock_enable ;
; Total Number of Removed Registers = 32  ;                                             ;
+-----------------------------------------+---------------------------------------------+


+------------------------------------------------------+
; General Register Statistics                          ;
+----------------------------------------------+-------+
; Statistic                                    ; Value ;
+----------------------------------------------+-------+
; Total registers                              ; 1025  ;
; Number of registers using Synchronous Clear  ; 0     ;
; Number of registers using Synchronous Load   ; 30    ;
; Number of registers using Asynchronous Clear ; 1024  ;
; Number of registers using Asynchronous Load  ; 0     ;
; Number of registers using Clock Enable       ; 992   ;
; Number of registers using Preset             ; 0     ;
+----------------------------------------------+-------+


+---------------------------------------------------+
; Inverted Register Statistics                      ;
+-----------------------------------------+---------+
; Inverted Register                       ; Fan out ;
+-----------------------------------------+---------+
; ClockDIV_internal                       ; 1026    ;
; Uniciclo:UNI1|PC_internal[22]           ; 3       ;
; Uniciclo:UNI1|xregs:Regs1|xreg32[2][2]  ; 3       ;
; Uniciclo:UNI1|xregs:Regs1|xreg32[2][3]  ; 3       ;
; Uniciclo:UNI1|xregs:Regs1|xreg32[2][4]  ; 3       ;
; Uniciclo:UNI1|xregs:Regs1|xreg32[2][5]  ; 3       ;
; Uniciclo:UNI1|xregs:Regs1|xreg32[2][6]  ; 3       ;
; Uniciclo:UNI1|xregs:Regs1|xreg32[2][7]  ; 3       ;
; Uniciclo:UNI1|xregs:Regs1|xreg32[2][8]  ; 3       ;
; Uniciclo:UNI1|xregs:Regs1|xreg32[2][9]  ; 3       ;
; Uniciclo:UNI1|xregs:Regs1|xreg32[5][16] ; 3       ;
; Uniciclo:UNI1|xregs:Regs1|xreg32[2][16] ; 3       ;
; Uniciclo:UNI1|xregs:Regs1|xreg32[5][28] ; 3       ;
; Uniciclo:UNI1|xregs:Regs1|xreg32[2][28] ; 3       ;
; Total number of inverted registers = 14 ;         ;
+-----------------------------------------+---------+


+-----------------------------------------------------------------------------------------------------------------------------------------------------------+
; Multiplexer Restructuring Statistics (Restructuring Performed)                                                                                            ;
+--------------------+-----------+---------------+----------------------+------------------------+------------+---------------------------------------------+
; Multiplexer Inputs ; Bus Width ; Baseline Area ; Area if Restructured ; Saving if Restructured ; Registered ; Example Multiplexer Output                  ;
+--------------------+-----------+---------------+----------------------+------------------------+------------+---------------------------------------------+
; 3:1                ; 29 bits   ; 58 LEs        ; 58 LEs               ; 0 LEs                  ; Yes        ; |TopDE|Uniciclo:UNI1|PC_internal[13]        ;
; 3:1                ; 2 bits    ; 4 LEs         ; 2 LEs                ; 2 LEs                  ; No         ; |TopDE|Uniciclo:UNI1|genImm32:ImmGen1|Mux0  ;
; 4:1                ; 10 bits   ; 20 LEs        ; 20 LEs               ; 0 LEs                  ; No         ; |TopDE|Uniciclo:UNI1|WBData[4]              ;
; 8:1                ; 10 bits   ; 50 LEs        ; 30 LEs               ; 20 LEs                 ; No         ; |TopDE|Uniciclo:UNI1|ALU:ALU1|Mux24         ;
; 11:1               ; 21 bits   ; 147 LEs       ; 105 LEs              ; 42 LEs                 ; No         ; |TopDE|Uniciclo:UNI1|WBData[22]             ;
; 33:1               ; 32 bits   ; 704 LEs       ; 704 LEs              ; 0 LEs                  ; No         ; |TopDE|Uniciclo:UNI1|xregs:Regs1|oREGA[31]  ;
; 33:1               ; 32 bits   ; 704 LEs       ; 704 LEs              ; 0 LEs                  ; No         ; |TopDE|Uniciclo:UNI1|xregs:Regs1|oREGB[11]  ;
; 33:1               ; 32 bits   ; 704 LEs       ; 704 LEs              ; 0 LEs                  ; No         ; |TopDE|Uniciclo:UNI1|xregs:Regs1|oREGD[12]  ;
; 128:1              ; 6 bits    ; 510 LEs       ; 6 LEs                ; 504 LEs                ; No         ; |TopDE|Uniciclo:UNI1|genImm32:ImmGen1|Mux22 ;
; 128:1              ; 4 bits    ; 340 LEs       ; 8 LEs                ; 332 LEs                ; No         ; |TopDE|Uniciclo:UNI1|genImm32:ImmGen1|Mux27 ;
; 8:1                ; 8 bits    ; 40 LEs        ; 16 LEs               ; 24 LEs                 ; No         ; |TopDE|Uniciclo:UNI1|genImm32:ImmGen1|Mux12 ;
+--------------------+-----------+---------------+----------------------+------------------------+------------+---------------------------------------------+


+---------------------------------------------------------------------------------------------------------------+
; Source assignments for Uniciclo:UNI1|ramI:MemC|altsyncram:altsyncram_component|altsyncram_s9s3:auto_generated ;
+---------------------------------+--------------------+------+-------------------------------------------------+
; Assignment                      ; Value              ; From ; To                                              ;
+---------------------------------+--------------------+------+-------------------------------------------------+
; OPTIMIZE_POWER_DURING_SYNTHESIS ; NORMAL_COMPILATION ; -    ; -                                               ;
+---------------------------------+--------------------+------+-------------------------------------------------+


+---------------------------------------------------------------------------------------------------------------+
; Source assignments for Uniciclo:UNI1|ramD:MemD|altsyncram:altsyncram_component|altsyncram_aos3:auto_generated ;
+---------------------------------+--------------------+------+-------------------------------------------------+
; Assignment                      ; Value              ; From ; To                                              ;
+---------------------------------+--------------------+------+-------------------------------------------------+
; OPTIMIZE_POWER_DURING_SYNTHESIS ; NORMAL_COMPILATION ; -    ; -                                               ;
+---------------------------------+--------------------+------+-------------------------------------------------+


+------------------------------------------------------------------------------------------------------+
; Parameter Settings for User Entity Instance: Uniciclo:UNI1|ramI:MemC|altsyncram:altsyncram_component ;
+------------------------------------+----------------------+------------------------------------------+
; Parameter Name                     ; Value                ; Type                                     ;
+------------------------------------+----------------------+------------------------------------------+
; BYTE_SIZE_BLOCK                    ; 8                    ; Untyped                                  ;
; AUTO_CARRY_CHAINS                  ; ON                   ; AUTO_CARRY                               ;
; IGNORE_CARRY_BUFFERS               ; OFF                  ; IGNORE_CARRY                             ;
; AUTO_CASCADE_CHAINS                ; ON                   ; AUTO_CASCADE                             ;
; IGNORE_CASCADE_BUFFERS             ; OFF                  ; IGNORE_CASCADE                           ;
; WIDTH_BYTEENA                      ; 1                    ; Untyped                                  ;
; OPERATION_MODE                     ; SINGLE_PORT          ; Untyped                                  ;
; WIDTH_A                            ; 32                   ; Signed Integer                           ;
; WIDTHAD_A                          ; 10                   ; Signed Integer                           ;
; NUMWORDS_A                         ; 1024                 ; Signed Integer                           ;
; OUTDATA_REG_A                      ; UNREGISTERED         ; Untyped                                  ;
; ADDRESS_ACLR_A                     ; NONE                 ; Untyped                                  ;
; OUTDATA_ACLR_A                     ; NONE                 ; Untyped                                  ;
; WRCONTROL_ACLR_A                   ; NONE                 ; Untyped                                  ;
; INDATA_ACLR_A                      ; NONE                 ; Untyped                                  ;
; BYTEENA_ACLR_A                     ; NONE                 ; Untyped                                  ;
; WIDTH_B                            ; 1                    ; Signed Integer                           ;
; WIDTHAD_B                          ; 1                    ; Signed Integer                           ;
; NUMWORDS_B                         ; 0                    ; Signed Integer                           ;
; INDATA_REG_B                       ; CLOCK1               ; Untyped                                  ;
; WRCONTROL_WRADDRESS_REG_B          ; CLOCK1               ; Untyped                                  ;
; RDCONTROL_REG_B                    ; CLOCK1               ; Untyped                                  ;
; ADDRESS_REG_B                      ; CLOCK1               ; Untyped                                  ;
; OUTDATA_REG_B                      ; UNREGISTERED         ; Untyped                                  ;
; BYTEENA_REG_B                      ; CLOCK1               ; Untyped                                  ;
; INDATA_ACLR_B                      ; NONE                 ; Untyped                                  ;
; WRCONTROL_ACLR_B                   ; NONE                 ; Untyped                                  ;
; ADDRESS_ACLR_B                     ; NONE                 ; Untyped                                  ;
; OUTDATA_ACLR_B                     ; NONE                 ; Untyped                                  ;
; RDCONTROL_ACLR_B                   ; NONE                 ; Untyped                                  ;
; BYTEENA_ACLR_B                     ; NONE                 ; Untyped                                  ;
; WIDTH_BYTEENA_A                    ; 1                    ; Signed Integer                           ;
; WIDTH_BYTEENA_B                    ; 1                    ; Signed Integer                           ;
; RAM_BLOCK_TYPE                     ; AUTO                 ; Untyped                                  ;
; BYTE_SIZE                          ; 8                    ; Signed Integer                           ;
; READ_DURING_WRITE_MODE_MIXED_PORTS ; DONT_CARE            ; Untyped                                  ;
; READ_DURING_WRITE_MODE_PORT_A      ; NEW_DATA_NO_NBE_READ ; Untyped                                  ;
; READ_DURING_WRITE_MODE_PORT_B      ; NEW_DATA_NO_NBE_READ ; Untyped                                  ;
; INIT_FILE                          ; de1_text.mif         ; Untyped                                  ;
; INIT_FILE_LAYOUT                   ; PORT_A               ; Untyped                                  ;
; MAXIMUM_DEPTH                      ; 0                    ; Signed Integer                           ;
; CLOCK_ENABLE_INPUT_A               ; BYPASS               ; Untyped                                  ;
; CLOCK_ENABLE_INPUT_B               ; NORMAL               ; Untyped                                  ;
; CLOCK_ENABLE_OUTPUT_A              ; BYPASS               ; Untyped                                  ;
; CLOCK_ENABLE_OUTPUT_B              ; NORMAL               ; Untyped                                  ;
; CLOCK_ENABLE_CORE_A                ; USE_INPUT_CLKEN      ; Untyped                                  ;
; CLOCK_ENABLE_CORE_B                ; USE_INPUT_CLKEN      ; Untyped                                  ;
; ENABLE_ECC                         ; FALSE                ; Untyped                                  ;
; ECC_PIPELINE_STAGE_ENABLED         ; FALSE                ; Untyped                                  ;
; WIDTH_ECCSTATUS                    ; 3                    ; Signed Integer                           ;
; DEVICE_FAMILY                      ; Cyclone IV E         ; Untyped                                  ;
; CBXI_PARAMETER                     ; altsyncram_s9s3      ; Untyped                                  ;
+------------------------------------+----------------------+------------------------------------------+
Note: In order to hide this table in the UI and the text report file, please set the "Show Parameter Settings in Synthesis Report" option in "Analysis and Synthesis Settings -> More Settings" to "Off".


+------------------------------------------------------------------------------------------------------+
; Parameter Settings for User Entity Instance: Uniciclo:UNI1|ramD:MemD|altsyncram:altsyncram_component ;
+------------------------------------+----------------------+------------------------------------------+
; Parameter Name                     ; Value                ; Type                                     ;
+------------------------------------+----------------------+------------------------------------------+
; BYTE_SIZE_BLOCK                    ; 8                    ; Untyped                                  ;
; AUTO_CARRY_CHAINS                  ; ON                   ; AUTO_CARRY                               ;
; IGNORE_CARRY_BUFFERS               ; OFF                  ; IGNORE_CARRY                             ;
; AUTO_CASCADE_CHAINS                ; ON                   ; AUTO_CASCADE                             ;
; IGNORE_CASCADE_BUFFERS             ; OFF                  ; IGNORE_CASCADE                           ;
; WIDTH_BYTEENA                      ; 1                    ; Untyped                                  ;
; OPERATION_MODE                     ; SINGLE_PORT          ; Untyped                                  ;
; WIDTH_A                            ; 32                   ; Signed Integer                           ;
; WIDTHAD_A                          ; 10                   ; Signed Integer                           ;
; NUMWORDS_A                         ; 1024                 ; Signed Integer                           ;
; OUTDATA_REG_A                      ; UNREGISTERED         ; Untyped                                  ;
; ADDRESS_ACLR_A                     ; NONE                 ; Untyped                                  ;
; OUTDATA_ACLR_A                     ; NONE                 ; Untyped                                  ;
; WRCONTROL_ACLR_A                   ; NONE                 ; Untyped                                  ;
; INDATA_ACLR_A                      ; NONE                 ; Untyped                                  ;
; BYTEENA_ACLR_A                     ; NONE                 ; Untyped                                  ;
; WIDTH_B                            ; 1                    ; Signed Integer                           ;
; WIDTHAD_B                          ; 1                    ; Signed Integer                           ;
; NUMWORDS_B                         ; 0                    ; Signed Integer                           ;
; INDATA_REG_B                       ; CLOCK1               ; Untyped                                  ;
; WRCONTROL_WRADDRESS_REG_B          ; CLOCK1               ; Untyped                                  ;
; RDCONTROL_REG_B                    ; CLOCK1               ; Untyped                                  ;
; ADDRESS_REG_B                      ; CLOCK1               ; Untyped                                  ;
; OUTDATA_REG_B                      ; UNREGISTERED         ; Untyped                                  ;
; BYTEENA_REG_B                      ; CLOCK1               ; Untyped                                  ;
; INDATA_ACLR_B                      ; NONE                 ; Untyped                                  ;
; WRCONTROL_ACLR_B                   ; NONE                 ; Untyped                                  ;
; ADDRESS_ACLR_B                     ; NONE                 ; Untyped                                  ;
; OUTDATA_ACLR_B                     ; NONE                 ; Untyped                                  ;
; RDCONTROL_ACLR_B                   ; NONE                 ; Untyped                                  ;
; BYTEENA_ACLR_B                     ; NONE                 ; Untyped                                  ;
; WIDTH_BYTEENA_A                    ; 1                    ; Signed Integer                           ;
; WIDTH_BYTEENA_B                    ; 1                    ; Signed Integer                           ;
; RAM_BLOCK_TYPE                     ; AUTO                 ; Untyped                                  ;
; BYTE_SIZE                          ; 8                    ; Signed Integer                           ;
; READ_DURING_WRITE_MODE_MIXED_PORTS ; DONT_CARE            ; Untyped                                  ;
; READ_DURING_WRITE_MODE_PORT_A      ; NEW_DATA_NO_NBE_READ ; Untyped                                  ;
; READ_DURING_WRITE_MODE_PORT_B      ; NEW_DATA_NO_NBE_READ ; Untyped                                  ;
; INIT_FILE                          ; de1_data_data.mif    ; Untyped                                  ;
; INIT_FILE_LAYOUT                   ; PORT_A               ; Untyped                                  ;
; MAXIMUM_DEPTH                      ; 0                    ; Signed Integer                           ;
; CLOCK_ENABLE_INPUT_A               ; BYPASS               ; Untyped                                  ;
; CLOCK_ENABLE_INPUT_B               ; NORMAL               ; Untyped                                  ;
; CLOCK_ENABLE_OUTPUT_A              ; BYPASS               ; Untyped                                  ;
; CLOCK_ENABLE_OUTPUT_B              ; NORMAL               ; Untyped                                  ;
; CLOCK_ENABLE_CORE_A                ; USE_INPUT_CLKEN      ; Untyped                                  ;
; CLOCK_ENABLE_CORE_B                ; USE_INPUT_CLKEN      ; Untyped                                  ;
; ENABLE_ECC                         ; FALSE                ; Untyped                                  ;
; ECC_PIPELINE_STAGE_ENABLED         ; FALSE                ; Untyped                                  ;
; WIDTH_ECCSTATUS                    ; 3                    ; Signed Integer                           ;
; DEVICE_FAMILY                      ; Cyclone IV E         ; Untyped                                  ;
; CBXI_PARAMETER                     ; altsyncram_aos3      ; Untyped                                  ;
+------------------------------------+----------------------+------------------------------------------+
Note: In order to hide this table in the UI and the text report file, please set the "Show Parameter Settings in Synthesis Report" option in "Analysis and Synthesis Settings -> More Settings" to "Off".


+------------------------------------------------------------------------+
; Parameter Settings for User Entity Instance: Uniciclo:UNI1|xregs:Regs1 ;
+----------------+-------+-----------------------------------------------+
; Parameter Name ; Value ; Type                                          ;
+----------------+-------+-----------------------------------------------+
; size           ; 32    ; Signed Integer                                ;
; addr           ; 5     ; Signed Integer                                ;
+----------------+-------+-----------------------------------------------+
Note: In order to hide this table in the UI and the text report file, please set the "Show Parameter Settings in Synthesis Report" option in "Analysis and Synthesis Settings -> More Settings" to "Off".


+-----------------------------------------------------------------------------------------------------+
; altsyncram Parameter Settings by Entity Instance                                                    ;
+-------------------------------------------+---------------------------------------------------------+
; Name                                      ; Value                                                   ;
+-------------------------------------------+---------------------------------------------------------+
; Number of entity instances                ; 2                                                       ;
; Entity Instance                           ; Uniciclo:UNI1|ramI:MemC|altsyncram:altsyncram_component ;
;     -- OPERATION_MODE                     ; SINGLE_PORT                                             ;
;     -- WIDTH_A                            ; 32                                                      ;
;     -- NUMWORDS_A                         ; 1024                                                    ;
;     -- OUTDATA_REG_A                      ; UNREGISTERED                                            ;
;     -- WIDTH_B                            ; 1                                                       ;
;     -- NUMWORDS_B                         ; 0                                                       ;
;     -- ADDRESS_REG_B                      ; CLOCK1                                                  ;
;     -- OUTDATA_REG_B                      ; UNREGISTERED                                            ;
;     -- RAM_BLOCK_TYPE                     ; AUTO                                                    ;
;     -- READ_DURING_WRITE_MODE_MIXED_PORTS ; DONT_CARE                                               ;
; Entity Instance                           ; Uniciclo:UNI1|ramD:MemD|altsyncram:altsyncram_component ;
;     -- OPERATION_MODE                     ; SINGLE_PORT                                             ;
;     -- WIDTH_A                            ; 32                                                      ;
;     -- NUMWORDS_A                         ; 1024                                                    ;
;     -- OUTDATA_REG_A                      ; UNREGISTERED                                            ;
;     -- WIDTH_B                            ; 1                                                       ;
;     -- NUMWORDS_B                         ; 0                                                       ;
;     -- ADDRESS_REG_B                      ; CLOCK1                                                  ;
;     -- OUTDATA_REG_B                      ; UNREGISTERED                                            ;
;     -- RAM_BLOCK_TYPE                     ; AUTO                                                    ;
;     -- READ_DURING_WRITE_MODE_MIXED_PORTS ; DONT_CARE                                               ;
+-------------------------------------------+---------------------------------------------------------+


+-------------------------------------------------------------------------------------------------------------------+
; Port Connectivity Checks: "Uniciclo:UNI1|ControlUnit:CU1"                                                         ;
+---------+--------+----------+-------------------------------------------------------------------------------------+
; Port    ; Type   ; Severity ; Details                                                                             ;
+---------+--------+----------+-------------------------------------------------------------------------------------+
; memread ; Output ; Info     ; Connected to dangling logic. Logic that only feeds a dangling port will be removed. ;
+---------+--------+----------+-------------------------------------------------------------------------------------+


+-----------------------------------------------------+
; Port Connectivity Checks: "Uniciclo:UNI1|ramI:MemC" ;
+------+-------+----------+---------------------------+
; Port ; Type  ; Severity ; Details                   ;
+------+-------+----------+---------------------------+
; data ; Input ; Info     ; Stuck at GND              ;
; wren ; Input ; Info     ; Stuck at GND              ;
+------+-------+----------+---------------------------+


+-----------------------------------------------------+
; Post-Synthesis Netlist Statistics for Top Partition ;
+-----------------------+-----------------------------+
; Type                  ; Count                       ;
+-----------------------+-----------------------------+
; boundary_port         ; 108                         ;
; cycloneiii_ff         ; 1025                        ;
;     CLR               ; 2                           ;
;     CLR SLD           ; 30                          ;
;     ENA CLR           ; 992                         ;
;     plain             ; 1                           ;
; cycloneiii_lcell_comb ; 2560                        ;
;     arith             ; 184                         ;
;         2 data inputs ; 29                          ;
;         3 data inputs ; 155                         ;
;     normal            ; 2376                        ;
;         0 data inputs ; 1                           ;
;         1 data inputs ; 16                          ;
;         2 data inputs ; 16                          ;
;         3 data inputs ; 128                         ;
;         4 data inputs ; 2215                        ;
; cycloneiii_ram_block  ; 64                          ;
;                       ;                             ;
; Max LUT depth         ; 14.80                       ;
; Average LUT depth     ; 10.44                       ;
+-----------------------+-----------------------------+


+-------------------------------+
; Elapsed Time Per Partition    ;
+----------------+--------------+
; Partition Name ; Elapsed Time ;
+----------------+--------------+
; Top            ; 00:00:03     ;
+----------------+--------------+


+-------------------------------+
; Analysis & Synthesis Messages ;
+-------------------------------+
Info: *******************************************************************
Info: Running Quartus Prime Analysis & Synthesis
    Info: Version 24.1std.0 Build 1077 03/04/2025 SC Lite Edition
    Info: Processing started: Sun Jun  8 16:41:58 2025
Info: Command: quartus_map --read_settings_files=on --write_settings_files=off riscv -c riscv
Warning (18236): Number of processors has not been specified which may cause overloading on shared machines.  Set the global assignment NUM_PARALLEL_PROCESSORS in your QSF to an appropriate value for best performance.
Info (20030): Parallel compilation is enabled and will use 12 of the 12 processors detected
Info (12021): Found 2 design units, including 1 entities, in source file alu.vhd
    Info (12022): Found design unit 1: ALU-Behavioral File: C:/tempOAC/riscv_restored/alu.vhd Line: 21
    Info (12023): Found entity 1: ALU File: C:/tempOAC/riscv_restored/alu.vhd Line: 12
Info (12021): Found 2 design units, including 1 entities, in source file genimm32.vhd
    Info (12022): Found design unit 1: genImm32-rtl File: C:/tempOAC/riscv_restored/genImm32.vhd Line: 12
    Info (12023): Found entity 1: genImm32 File: C:/tempOAC/riscv_restored/genImm32.vhd Line: 6
Info (12021): Found 2 design units, including 1 entities, in source file xreg.vhd
    Info (12022): Found design unit 1: xregs-rtl File: C:/tempOAC/riscv_restored/xreg.vhd Line: 47
    Info (12023): Found entity 1: xregs File: C:/tempOAC/riscv_restored/xreg.vhd Line: 25
Info (12021): Found 1 design units, including 0 entities, in source file riscv_pkg.vhd
    Info (12022): Found design unit 1: riscv_pkg File: C:/tempOAC/riscv_restored/riscv_pkg.vhd Line: 5
Info (12021): Found 2 design units, including 1 entities, in source file topde.vhd
    Info (12022): Found design unit 1: TopDE-Behavioral File: C:/tempOAC/riscv_restored/TopDE.vhd Line: 19
    Info (12023): Found entity 1: TopDE File: C:/tempOAC/riscv_restored/TopDE.vhd Line: 6
Info (12021): Found 2 design units, including 1 entities, in source file uniciclo.vhd
    Info (12022): Found design unit 1: Uniciclo-Behavioral File: C:/tempOAC/riscv_restored/uniciclo.vhd Line: 18
    Info (12023): Found entity 1: Uniciclo File: C:/tempOAC/riscv_restored/uniciclo.vhd Line: 6
Info (12021): Found 2 design units, including 1 entities, in source file rami.vhd
    Info (12022): Found design unit 1: rami-SYN File: C:/tempOAC/riscv_restored/ramI.vhd Line: 55
    Info (12023): Found entity 1: ramI File: C:/tempOAC/riscv_restored/ramI.vhd Line: 43
Info (12021): Found 2 design units, including 1 entities, in source file ramd.vhd
    Info (12022): Found design unit 1: ramd-SYN File: C:/tempOAC/riscv_restored/ramD.vhd Line: 55
    Info (12023): Found entity 1: ramD File: C:/tempOAC/riscv_restored/ramD.vhd Line: 43
Info (12021): Found 2 design units, including 1 entities, in source file control_unit.vhd
    Info (12022): Found design unit 1: ControlUnit-Behavioral File: C:/tempOAC/riscv_restored/control_unit.vhd Line: 20
    Info (12023): Found entity 1: ControlUnit File: C:/tempOAC/riscv_restored/control_unit.vhd Line: 5
Info (12021): Found 2 design units, including 1 entities, in source file ula_control.vhd
    Info (12022): Found design unit 1: ALUControl-Behavioral File: C:/tempOAC/riscv_restored/ula_control.vhd Line: 17
    Info (12023): Found entity 1: ALUControl File: C:/tempOAC/riscv_restored/ula_control.vhd Line: 8
Info (12127): Elaborating entity "TopDE" for the top level hierarchy
Warning (10541): VHDL Signal Declaration warning at TopDE.vhd(15): used implicit default value for signal "Estado" because signal was never assigned a value or an explicit default value. Use of implicit default value may introduce unintended design optimizations. File: C:/tempOAC/riscv_restored/TopDE.vhd Line: 15
Info (12128): Elaborating entity "Uniciclo" for hierarchy "Uniciclo:UNI1" File: C:/tempOAC/riscv_restored/TopDE.vhd Line: 47
Warning (10541): VHDL Signal Declaration warning at uniciclo.vhd(79): used implicit default value for signal "ZeroFlag" because signal was never assigned a value or an explicit default value. Use of implicit default value may introduce unintended design optimizations. File: C:/tempOAC/riscv_restored/uniciclo.vhd Line: 79
Warning (10036): Verilog HDL or VHDL warning at uniciclo.vhd(82): object "LeMem" assigned a value but never read File: C:/tempOAC/riscv_restored/uniciclo.vhd Line: 82
Info (12128): Elaborating entity "ramI" for hierarchy "Uniciclo:UNI1|ramI:MemC" File: C:/tempOAC/riscv_restored/uniciclo.vhd Line: 129
Info (12128): Elaborating entity "altsyncram" for hierarchy "Uniciclo:UNI1|ramI:MemC|altsyncram:altsyncram_component" File: C:/tempOAC/riscv_restored/ramI.vhd Line: 62
Info (12130): Elaborated megafunction instantiation "Uniciclo:UNI1|ramI:MemC|altsyncram:altsyncram_component" File: C:/tempOAC/riscv_restored/ramI.vhd Line: 62
Info (12133): Instantiated megafunction "Uniciclo:UNI1|ramI:MemC|altsyncram:altsyncram_component" with the following parameter: File: C:/tempOAC/riscv_restored/ramI.vhd Line: 62
    Info (12134): Parameter "address_aclr_a" = "UNUSED"
    Info (12134): Parameter "address_aclr_b" = "NONE"
    Info (12134): Parameter "address_reg_b" = "CLOCK1"
    Info (12134): Parameter "byte_size" = "8"
    Info (12134): Parameter "byteena_aclr_a" = "UNUSED"
    Info (12134): Parameter "byteena_aclr_b" = "NONE"
    Info (12134): Parameter "byteena_reg_b" = "CLOCK1"
    Info (12134): Parameter "clock_enable_core_a" = "USE_INPUT_CLKEN"
    Info (12134): Parameter "clock_enable_core_b" = "USE_INPUT_CLKEN"
    Info (12134): Parameter "clock_enable_input_a" = "BYPASS"
    Info (12134): Parameter "clock_enable_input_b" = "NORMAL"
    Info (12134): Parameter "clock_enable_output_a" = "BYPASS"
    Info (12134): Parameter "clock_enable_output_b" = "NORMAL"
    Info (12134): Parameter "intended_device_family" = "Cyclone IV E"
    Info (12134): Parameter "ecc_pipeline_stage_enabled" = "FALSE"
    Info (12134): Parameter "enable_ecc" = "FALSE"
    Info (12134): Parameter "implement_in_les" = "OFF"
    Info (12134): Parameter "indata_aclr_a" = "UNUSED"
    Info (12134): Parameter "indata_aclr_b" = "NONE"
    Info (12134): Parameter "indata_reg_b" = "CLOCK1"
    Info (12134): Parameter "init_file" = "de1_text.mif"
    Info (12134): Parameter "init_file_layout" = "PORT_A"
    Info (12134): Parameter "maximum_depth" = "0"
    Info (12134): Parameter "numwords_a" = "1024"
    Info (12134): Parameter "numwords_b" = "0"
    Info (12134): Parameter "operation_mode" = "SINGLE_PORT"
    Info (12134): Parameter "outdata_aclr_a" = "NONE"
    Info (12134): Parameter "outdata_aclr_b" = "NONE"
    Info (12134): Parameter "outdata_reg_a" = "UNREGISTERED"
    Info (12134): Parameter "outdata_reg_b" = "UNREGISTERED"
    Info (12134): Parameter "power_up_uninitialized" = "FALSE"
    Info (12134): Parameter "ram_block_type" = "AUTO"
    Info (12134): Parameter "rdcontrol_aclr_b" = "NONE"
    Info (12134): Parameter "rdcontrol_reg_b" = "CLOCK1"
    Info (12134): Parameter "read_during_write_mode_mixed_ports" = "DONT_CARE"
    Info (12134): Parameter "read_during_write_mode_port_a" = "NEW_DATA_NO_NBE_READ"
    Info (12134): Parameter "read_during_write_mode_port_b" = "NEW_DATA_NO_NBE_READ"
    Info (12134): Parameter "stratixiv_m144k_allow_dual_clocks" = "ON"
    Info (12134): Parameter "width_a" = "32"
    Info (12134): Parameter "width_b" = "1"
    Info (12134): Parameter "width_byteena_a" = "1"
    Info (12134): Parameter "width_byteena_b" = "1"
    Info (12134): Parameter "width_eccstatus" = "3"
    Info (12134): Parameter "widthad_a" = "10"
    Info (12134): Parameter "widthad_b" = "1"
    Info (12134): Parameter "wrcontrol_aclr_a" = "UNUSED"
    Info (12134): Parameter "wrcontrol_aclr_b" = "NONE"
    Info (12134): Parameter "wrcontrol_wraddress_reg_b" = "CLOCK1"
    Info (12134): Parameter "lpm_hint" = "ENABLE_RUNTIME_MOD=NO"
    Info (12134): Parameter "lpm_type" = "altsyncram"
Info (12021): Found 1 design units, including 1 entities, in source file db/altsyncram_s9s3.tdf
    Info (12023): Found entity 1: altsyncram_s9s3 File: C:/tempOAC/riscv_restored/db/altsyncram_s9s3.tdf Line: 28
Info (12128): Elaborating entity "altsyncram_s9s3" for hierarchy "Uniciclo:UNI1|ramI:MemC|altsyncram:altsyncram_component|altsyncram_s9s3:auto_generated" File: c:/altera_lite/24.1std/quartus/libraries/megafunctions/altsyncram.tdf Line: 792
Warning (113028): 16350 out of 16384 addresses are uninitialized. The Quartus Prime software will initialize them to "0". There are 1 warnings found, and 1 warnings are reported. File: C:/tempOAC/riscv_restored/de1_text.mif Line: 1
    Warning (113027): Addresses ranging from 34 to 16383 are not initialized File: C:/tempOAC/riscv_restored/de1_text.mif Line: 1
Critical Warning (127004): Memory depth (1024) in the design file differs from memory depth (16384) in the Memory Initialization File "C:/tempOAC/riscv_restored/de1_text.mif" -- truncated remaining initial content value to fit RAM File: C:/tempOAC/riscv_restored/ramI.vhd Line: 62
Info (12128): Elaborating entity "ramD" for hierarchy "Uniciclo:UNI1|ramD:MemD" File: C:/tempOAC/riscv_restored/uniciclo.vhd Line: 139
Info (12128): Elaborating entity "altsyncram" for hierarchy "Uniciclo:UNI1|ramD:MemD|altsyncram:altsyncram_component" File: C:/tempOAC/riscv_restored/ramD.vhd Line: 62
Info (12130): Elaborated megafunction instantiation "Uniciclo:UNI1|ramD:MemD|altsyncram:altsyncram_component" File: C:/tempOAC/riscv_restored/ramD.vhd Line: 62
Info (12133): Instantiated megafunction "Uniciclo:UNI1|ramD:MemD|altsyncram:altsyncram_component" with the following parameter: File: C:/tempOAC/riscv_restored/ramD.vhd Line: 62
    Info (12134): Parameter "address_aclr_a" = "UNUSED"
    Info (12134): Parameter "address_aclr_b" = "NONE"
    Info (12134): Parameter "address_reg_b" = "CLOCK1"
    Info (12134): Parameter "byte_size" = "8"
    Info (12134): Parameter "byteena_aclr_a" = "UNUSED"
    Info (12134): Parameter "byteena_aclr_b" = "NONE"
    Info (12134): Parameter "byteena_reg_b" = "CLOCK1"
    Info (12134): Parameter "clock_enable_core_a" = "USE_INPUT_CLKEN"
    Info (12134): Parameter "clock_enable_core_b" = "USE_INPUT_CLKEN"
    Info (12134): Parameter "clock_enable_input_a" = "BYPASS"
    Info (12134): Parameter "clock_enable_input_b" = "NORMAL"
    Info (12134): Parameter "clock_enable_output_a" = "BYPASS"
    Info (12134): Parameter "clock_enable_output_b" = "NORMAL"
    Info (12134): Parameter "intended_device_family" = "Cyclone IV E"
    Info (12134): Parameter "ecc_pipeline_stage_enabled" = "FALSE"
    Info (12134): Parameter "enable_ecc" = "FALSE"
    Info (12134): Parameter "implement_in_les" = "OFF"
    Info (12134): Parameter "indata_aclr_a" = "UNUSED"
    Info (12134): Parameter "indata_aclr_b" = "NONE"
    Info (12134): Parameter "indata_reg_b" = "CLOCK1"
    Info (12134): Parameter "init_file" = "de1_data_data.mif"
    Info (12134): Parameter "init_file_layout" = "PORT_A"
    Info (12134): Parameter "maximum_depth" = "0"
    Info (12134): Parameter "numwords_a" = "1024"
    Info (12134): Parameter "numwords_b" = "0"
    Info (12134): Parameter "operation_mode" = "SINGLE_PORT"
    Info (12134): Parameter "outdata_aclr_a" = "NONE"
    Info (12134): Parameter "outdata_aclr_b" = "NONE"
    Info (12134): Parameter "outdata_reg_a" = "UNREGISTERED"
    Info (12134): Parameter "outdata_reg_b" = "UNREGISTERED"
    Info (12134): Parameter "power_up_uninitialized" = "FALSE"
    Info (12134): Parameter "ram_block_type" = "AUTO"
    Info (12134): Parameter "rdcontrol_aclr_b" = "NONE"
    Info (12134): Parameter "rdcontrol_reg_b" = "CLOCK1"
    Info (12134): Parameter "read_during_write_mode_mixed_ports" = "DONT_CARE"
    Info (12134): Parameter "read_during_write_mode_port_a" = "NEW_DATA_NO_NBE_READ"
    Info (12134): Parameter "read_during_write_mode_port_b" = "NEW_DATA_NO_NBE_READ"
    Info (12134): Parameter "stratixiv_m144k_allow_dual_clocks" = "ON"
    Info (12134): Parameter "width_a" = "32"
    Info (12134): Parameter "width_b" = "1"
    Info (12134): Parameter "width_byteena_a" = "1"
    Info (12134): Parameter "width_byteena_b" = "1"
    Info (12134): Parameter "width_eccstatus" = "3"
    Info (12134): Parameter "widthad_a" = "10"
    Info (12134): Parameter "widthad_b" = "1"
    Info (12134): Parameter "wrcontrol_aclr_a" = "UNUSED"
    Info (12134): Parameter "wrcontrol_aclr_b" = "NONE"
    Info (12134): Parameter "wrcontrol_wraddress_reg_b" = "CLOCK1"
    Info (12134): Parameter "lpm_hint" = "ENABLE_RUNTIME_MOD=NO"
    Info (12134): Parameter "lpm_type" = "altsyncram"
Info (12021): Found 1 design units, including 1 entities, in source file db/altsyncram_aos3.tdf
    Info (12023): Found entity 1: altsyncram_aos3 File: C:/tempOAC/riscv_restored/db/altsyncram_aos3.tdf Line: 28
Info (12128): Elaborating entity "altsyncram_aos3" for hierarchy "Uniciclo:UNI1|ramD:MemD|altsyncram:altsyncram_component|altsyncram_aos3:auto_generated" File: c:/altera_lite/24.1std/quartus/libraries/megafunctions/altsyncram.tdf Line: 792
Critical Warning (127003): Can't find Memory Initialization File or Hexadecimal (Intel-Format) File C:/tempOAC/riscv_restored/de1_data_data.mif -- setting all initial values to 0 File: C:/tempOAC/riscv_restored/ramD.vhd Line: 62
Info (12128): Elaborating entity "genImm32" for hierarchy "Uniciclo:UNI1|genImm32:ImmGen1" File: C:/tempOAC/riscv_restored/uniciclo.vhd Line: 157
Info (12128): Elaborating entity "ControlUnit" for hierarchy "Uniciclo:UNI1|ControlUnit:CU1" File: C:/tempOAC/riscv_restored/uniciclo.vhd Line: 164
Info (12128): Elaborating entity "xregs" for hierarchy "Uniciclo:UNI1|xregs:Regs1" File: C:/tempOAC/riscv_restored/uniciclo.vhd Line: 179
Info (12128): Elaborating entity "ALUControl" for hierarchy "Uniciclo:UNI1|ALUControl:ALUCtrl1" File: C:/tempOAC/riscv_restored/uniciclo.vhd Line: 195
Info (12128): Elaborating entity "ALU" for hierarchy "Uniciclo:UNI1|ALU:ALU1" File: C:/tempOAC/riscv_restored/uniciclo.vhd Line: 207
Warning (10036): Verilog HDL or VHDL warning at alu.vhd(30): object "shamt" assigned a value but never read File: C:/tempOAC/riscv_restored/alu.vhd Line: 30
Info (13000): Registers with preset signals will power-up high File: C:/tempOAC/riscv_restored/xreg.vhd Line: 62
Info (13003): DEV_CLRn pin will set, and not reset, register with preset signal due to NOT Gate Push-Back
Warning (13024): Output pins are stuck at VCC or GND
    Warning (13410): Pin "Estado[0]" is stuck at GND File: C:/tempOAC/riscv_restored/TopDE.vhd Line: 15
    Warning (13410): Pin "Estado[1]" is stuck at GND File: C:/tempOAC/riscv_restored/TopDE.vhd Line: 15
    Warning (13410): Pin "Estado[2]" is stuck at GND File: C:/tempOAC/riscv_restored/TopDE.vhd Line: 15
    Warning (13410): Pin "Estado[3]" is stuck at GND File: C:/tempOAC/riscv_restored/TopDE.vhd Line: 15
Info (286030): Timing-Driven Synthesis is running
Info (16010): Generating hard_block partition "hard_block:auto_generated_inst"
    Info (16011): Adding 0 node(s), including 0 DDIO, 0 PLL, 0 transceiver and 0 LCELL
Info (21057): Implemented 3710 device resources after synthesis - the final resource count might be different
    Info (21058): Implemented 7 input pins
    Info (21059): Implemented 101 output pins
    Info (21061): Implemented 3538 logic cells
    Info (21064): Implemented 64 RAM segments
Info: Quartus Prime Analysis & Synthesis was successful. 0 errors, 14 warnings
    Info: Peak virtual memory: 4900 megabytes
    Info: Processing ended: Sun Jun  8 16:42:07 2025
    Info: Elapsed time: 00:00:09
    Info: Total CPU time (on all processors): 00:00:15


