Flow report for riscv
Sun Jun  8 17:41:24 2025
Quartus Prime Version 24.1std.0 Build 1077 03/04/2025 SC Lite Edition


---------------------
; Table of Contents ;
---------------------
  1. Legal Notice
  2. Flow Summary
  3. Flow Settings
  4. Flow Non-Default Global Settings
  5. Flow Elapsed Time
  6. Flow OS Summary
  7. Flow Log
  8. Flow Messages
  9. Flow Suppressed Messages



----------------
; Legal Notice ;
----------------
Copyright (C) 2025  Altera Corporation. All rights reserved.
Your use of Altera Corporation's design tools, logic functions 
and other software and tools, and any partner logic 
functions, and any output files from any of the foregoing 
(including device programming or simulation files), and any 
associated documentation or information are expressly subject 
to the terms and conditions of the Altera Program License 
Subscription Agreement, the Altera Quartus Prime License Agreement,
the Altera IP License Agreement, or other applicable license
agreement, including, without limitation, that your use is for
the sole purpose of programming logic devices manufactured by
Altera and sold by Altera or its authorized distributors.  Please
refer to the Altera Software License Subscription Agreements 
on the Quartus Prime software download page.



+--------------------------------------------------------------------------------------+
; Flow Summary                                                                         ;
+------------------------------------+-------------------------------------------------+
; Flow Status                        ; Successful - Sun Jun  8 17:41:24 2025           ;
; Quartus Prime Version              ; 24.1std.0 Build 1077 03/04/2025 SC Lite Edition ;
; Revision Name                      ; riscv                                           ;
; Top-level Entity Name              ; TopDE                                           ;
; Family                             ; Cyclone IV E                                    ;
; Total logic elements               ; 2,892 / 6,272 ( 46 % )                          ;
;     Total combinational functions  ; 2,558 / 6,272 ( 41 % )                          ;
;     Dedicated logic registers      ; 1,025 / 6,272 ( 16 % )                          ;
; Total registers                    ; 1025                                            ;
; Total pins                         ; 108 / 180 ( 60 % )                              ;
; Total virtual pins                 ; 0                                               ;
; Total memory bits                  ; 65,536 / 276,480 ( 24 % )                       ;
; Embedded Multiplier 9-bit elements ; 0 / 30 ( 0 % )                                  ;
; Total PLLs                         ; 0 / 2 ( 0 % )                                   ;
; Device                             ; EP4CE6F17C6                                     ;
; Timing Models                      ; Final                                           ;
+------------------------------------+-------------------------------------------------+


+-----------------------------------------+
; Flow Settings                           ;
+-------------------+---------------------+
; Option            ; Setting             ;
+-------------------+---------------------+
; Start date & time ; 06/08/2025 16:41:58 ;
; Main task         ; Compilation         ;
; Revision Name     ; riscv               ;
+-------------------+---------------------+


+-------------------------------------------------------------------------------------------------------------------------+
; Flow Non-Default Global Settings                                                                                        ;
+-------------------------------------+----------------------------------------+---------------+-------------+------------+
; Assignment Name                     ; Value                                  ; Default Value ; Entity Name ; Section Id ;
+-------------------------------------+----------------------------------------+---------------+-------------+------------+
; COMPILER_SIGNATURE_ID               ; 228935814831834.174941171816416        ; --            ; --          ; --         ;
; MISC_FILE                           ; ramI.cmp                               ; --            ; --          ; --         ;
; MISC_FILE                           ; ramD.cmp                               ; --            ; --          ; --         ;
; PARTITION_COLOR                     ; -- (Not supported for targeted family) ; --            ; TopDE       ; Top        ;
; PARTITION_FITTER_PRESERVATION_LEVEL ; -- (Not supported for targeted family) ; --            ; TopDE       ; Top        ;
; PARTITION_NETLIST_TYPE              ; -- (Not supported for targeted family) ; --            ; TopDE       ; Top        ;
; PROJECT_OUTPUT_DIRECTORY            ; output_files                           ; --            ; --          ; --         ;
; TOP_LEVEL_ENTITY                    ; TopDE                                  ; riscv         ; --          ; --         ;
+-------------------------------------+----------------------------------------+---------------+-------------+------------+


+--------------------------------------------------------------------------------------------------------------------------+
; Flow Elapsed Time                                                                                                        ;
+----------------------+--------------+-------------------------+---------------------+------------------------------------+
; Module Name          ; Elapsed Time ; Average Processors Used ; Peak Virtual Memory ; Total CPU Time (on all processors) ;
+----------------------+--------------+-------------------------+---------------------+------------------------------------+
; Analysis & Synthesis ; 00:00:09     ; 1.0                     ; 4900 MB             ; 00:00:15                           ;
; Fitter               ; 00:00:21     ; 1.2                     ; 6164 MB             ; 00:00:33                           ;
; Assembler            ; 00:00:00     ; 1.0                     ; 4702 MB             ; 00:00:01                           ;
; Timing Analyzer      ; 00:00:02     ; 1.5                     ; 4919 MB             ; 00:00:03                           ;
; EDA Netlist Writer   ; 00:00:01     ; 1.0                     ; 4651 MB             ; 00:00:00                           ;
; EDA Netlist Writer   ; 00:00:00     ; 1.0                     ; 4664 MB             ; 00:00:01                           ;
; EDA Netlist Writer   ; 00:00:01     ; 1.0                     ; 4651 MB             ; 00:00:00                           ;
; EDA Netlist Writer   ; 00:00:01     ; 1.0                     ; 4664 MB             ; 00:00:01                           ;
; EDA Netlist Writer   ; 00:00:00     ; 1.0                     ; 4651 MB             ; 00:00:00                           ;
; EDA Netlist Writer   ; 00:00:02     ; 1.0                     ; 4688 MB             ; 00:00:02                           ;
; EDA Netlist Writer   ; 00:00:00     ; 1.0                     ; 4651 MB             ; 00:00:00                           ;
; EDA Netlist Writer   ; 00:00:00     ; 1.0                     ; 4664 MB             ; 00:00:01                           ;
; EDA Netlist Writer   ; 00:00:01     ; 1.0                     ; 4651 MB             ; 00:00:00                           ;
; EDA Netlist Writer   ; 00:00:00     ; 1.0                     ; 4664 MB             ; 00:00:01                           ;
; EDA Netlist Writer   ; 00:00:00     ; 1.0                     ; 4651 MB             ; 00:00:00                           ;
; EDA Netlist Writer   ; 00:00:01     ; 1.0                     ; 4664 MB             ; 00:00:01                           ;
; EDA Netlist Writer   ; 00:00:00     ; 1.0                     ; 4651 MB             ; 00:00:00                           ;
; EDA Netlist Writer   ; 00:00:02     ; 1.0                     ; 4688 MB             ; 00:00:02                           ;
; EDA Netlist Writer   ; 00:00:00     ; 1.0                     ; 4651 MB             ; 00:00:00                           ;
; EDA Netlist Writer   ; 00:00:02     ; 1.0                     ; 4688 MB             ; 00:00:02                           ;
; EDA Netlist Writer   ; 00:00:00     ; 1.0                     ; 4651 MB             ; 00:00:00                           ;
; EDA Netlist Writer   ; 00:00:02     ; 1.0                     ; 4688 MB             ; 00:00:02                           ;
; EDA Netlist Writer   ; 00:00:00     ; 1.0                     ; 4651 MB             ; 00:00:00                           ;
; EDA Netlist Writer   ; 00:00:01     ; 1.0                     ; 4688 MB             ; 00:00:02                           ;
; EDA Netlist Writer   ; 00:00:00     ; 1.0                     ; 4651 MB             ; 00:00:00                           ;
; EDA Netlist Writer   ; 00:00:02     ; 1.0                     ; 4688 MB             ; 00:00:02                           ;
; Total                ; 00:00:48     ; --                      ; --                  ; 00:01:09                           ;
+----------------------+--------------+-------------------------+---------------------+------------------------------------+


+------------------------------------------------------------------------------------+
; Flow OS Summary                                                                    ;
+----------------------+------------------+------------+------------+----------------+
; Module Name          ; Machine Hostname ; OS Name    ; OS Version ; Processor type ;
+----------------------+------------------+------------+------------+----------------+
; Analysis & Synthesis ; DESKTOP-PJ       ; Windows 10 ; 10.0       ; x86_64         ;
; Fitter               ; DESKTOP-PJ       ; Windows 10 ; 10.0       ; x86_64         ;
; Assembler            ; DESKTOP-PJ       ; Windows 10 ; 10.0       ; x86_64         ;
; Timing Analyzer      ; DESKTOP-PJ       ; Windows 10 ; 10.0       ; x86_64         ;
; EDA Netlist Writer   ; DESKTOP-PJ       ; Windows 10 ; 10.0       ; x86_64         ;
; EDA Netlist Writer   ; DESKTOP-PJ       ; Windows 10 ; 10.0       ; x86_64         ;
; EDA Netlist Writer   ; DESKTOP-PJ       ; Windows 10 ; 10.0       ; x86_64         ;
; EDA Netlist Writer   ; DESKTOP-PJ       ; Windows 10 ; 10.0       ; x86_64         ;
; EDA Netlist Writer   ; DESKTOP-PJ       ; Windows 10 ; 10.0       ; x86_64         ;
; EDA Netlist Writer   ; DESKTOP-PJ       ; Windows 10 ; 10.0       ; x86_64         ;
; EDA Netlist Writer   ; DESKTOP-PJ       ; Windows 10 ; 10.0       ; x86_64         ;
; EDA Netlist Writer   ; DESKTOP-PJ       ; Windows 10 ; 10.0       ; x86_64         ;
; EDA Netlist Writer   ; DESKTOP-PJ       ; Windows 10 ; 10.0       ; x86_64         ;
; EDA Netlist Writer   ; DESKTOP-PJ       ; Windows 10 ; 10.0       ; x86_64         ;
; EDA Netlist Writer   ; DESKTOP-PJ       ; Windows 10 ; 10.0       ; x86_64         ;
; EDA Netlist Writer   ; DESKTOP-PJ       ; Windows 10 ; 10.0       ; x86_64         ;
; EDA Netlist Writer   ; DESKTOP-PJ       ; Windows 10 ; 10.0       ; x86_64         ;
; EDA Netlist Writer   ; DESKTOP-PJ       ; Windows 10 ; 10.0       ; x86_64         ;
; EDA Netlist Writer   ; DESKTOP-PJ       ; Windows 10 ; 10.0       ; x86_64         ;
; EDA Netlist Writer   ; DESKTOP-PJ       ; Windows 10 ; 10.0       ; x86_64         ;
; EDA Netlist Writer   ; DESKTOP-PJ       ; Windows 10 ; 10.0       ; x86_64         ;
; EDA Netlist Writer   ; DESKTOP-PJ       ; Windows 10 ; 10.0       ; x86_64         ;
; EDA Netlist Writer   ; DESKTOP-PJ       ; Windows 10 ; 10.0       ; x86_64         ;
; EDA Netlist Writer   ; DESKTOP-PJ       ; Windows 10 ; 10.0       ; x86_64         ;
; EDA Netlist Writer   ; DESKTOP-PJ       ; Windows 10 ; 10.0       ; x86_64         ;
; EDA Netlist Writer   ; DESKTOP-PJ       ; Windows 10 ; 10.0       ; x86_64         ;
+----------------------+------------------+------------+------------+----------------+


------------
; Flow Log ;
------------
quartus_map --read_settings_files=on --write_settings_files=off riscv -c riscv
quartus_fit --read_settings_files=off --write_settings_files=off riscv -c riscv
quartus_asm --read_settings_files=off --write_settings_files=off riscv -c riscv
quartus_sta riscv -c riscv
quartus_eda --gen_testbench --tool=modelsim_oem --format=vhdl --write_settings_files=off riscv -c riscv --vector_source=C:/tempOAC/riscv_restored/wave.vwf --testbench_file=C:/tempOAC/riscv_restored/simulation/qsim/wave.vwf.vht
quartus_eda --write_settings_files=off --simulation=on --functional=on --flatten_buses=off --tool=modelsim_oem --format=vhdl --output_directory=C:/tempOAC/riscv_restored/simulation/qsim/ riscv -c riscv
quartus_eda --gen_testbench --tool=modelsim_oem --format=vhdl --write_settings_files=off riscv -c riscv --vector_source=C:/tempOAC/riscv_restored/wave.vwf --testbench_file=C:/tempOAC/riscv_restored/simulation/qsim/wave.vwf.vht
quartus_eda --write_settings_files=off --simulation=on --functional=on --flatten_buses=off --tool=modelsim_oem --format=vhdl --output_directory=C:/tempOAC/riscv_restored/simulation/qsim/ riscv -c riscv
quartus_eda --gen_testbench --tool=modelsim_oem --format=vhdl --write_settings_files=off riscv -c riscv --vector_source=C:/tempOAC/riscv_restored/wave.vwf --testbench_file=C:/tempOAC/riscv_restored/simulation/qsim/wave.vwf.vht
quartus_eda --write_settings_files=off --simulation=on --functional=off --flatten_buses=off --timescale=1ps --tool=modelsim_oem --format=vhdl --output_directory=C:/tempOAC/riscv_restored/simulation/qsim/ riscv -c riscv
quartus_eda --gen_testbench --tool=modelsim_oem --format=vhdl --write_settings_files=off riscv -c riscv --vector_source=C:/tempOAC/riscv_restored/wave.vwf --testbench_file=C:/tempOAC/riscv_restored/simulation/qsim/wave.vwf.vht
quartus_eda --write_settings_files=off --simulation=on --functional=on --flatten_buses=off --tool=modelsim_oem --format=vhdl --output_directory=C:/tempOAC/riscv_restored/simulation/qsim/ riscv -c riscv
quartus_eda --gen_testbench --tool=modelsim_oem --format=vhdl --write_settings_files=off riscv -c riscv --vector_source=C:/tempOAC/riscv_restored/wave.vwf --testbench_file=C:/tempOAC/riscv_restored/simulation/qsim/wave.vwf.vht
quartus_eda --write_settings_files=off --simulation=on --functional=on --flatten_buses=off --tool=modelsim_oem --format=vhdl --output_directory=C:/tempOAC/riscv_restored/simulation/qsim/ riscv -c riscv
quartus_eda --gen_testbench --tool=modelsim_oem --format=vhdl --write_settings_files=off riscv -c riscv --vector_source=C:/tempOAC/riscv_restored/wave.vwf --testbench_file=C:/tempOAC/riscv_restored/simulation/qsim/wave.vwf.vht
quartus_eda --write_settings_files=off --simulation=on --functional=on --flatten_buses=off --tool=modelsim_oem --format=vhdl --output_directory=C:/tempOAC/riscv_restored/simulation/qsim/ riscv -c riscv
quartus_eda --gen_testbench --tool=modelsim_oem --format=vhdl --write_settings_files=off riscv -c riscv --vector_source=C:/tempOAC/riscv_restored/wave.vwf --testbench_file=C:/tempOAC/riscv_restored/simulation/qsim/wave.vwf.vht
quartus_eda --write_settings_files=off --simulation=on --functional=off --flatten_buses=off --timescale=1ps --tool=modelsim_oem --format=vhdl --output_directory=C:/tempOAC/riscv_restored/simulation/qsim/ riscv -c riscv
quartus_eda --gen_testbench --tool=modelsim_oem --format=vhdl --write_settings_files=off riscv -c riscv --vector_source=C:/tempOAC/riscv_restored/wave.vwf --testbench_file=C:/tempOAC/riscv_restored/simulation/qsim/wave.vwf.vht
quartus_eda --write_settings_files=off --simulation=on --functional=off --flatten_buses=off --timescale=1ps --tool=modelsim_oem --format=vhdl --output_directory=C:/tempOAC/riscv_restored/simulation/qsim/ riscv -c riscv
quartus_eda --gen_testbench --tool=modelsim_oem --format=vhdl --write_settings_files=off riscv -c riscv --vector_source=C:/tempOAC/riscv_restored/wave.vwf --testbench_file=C:/tempOAC/riscv_restored/simulation/qsim/wave.vwf.vht
quartus_eda --write_settings_files=off --simulation=on --functional=off --flatten_buses=off --timescale=1ps --tool=modelsim_oem --format=vhdl --output_directory=C:/tempOAC/riscv_restored/simulation/qsim/ riscv -c riscv
quartus_eda --gen_testbench --tool=modelsim_oem --format=vhdl --write_settings_files=off riscv -c riscv --vector_source=C:/tempOAC/riscv_restored/wave.vwf --testbench_file=C:/tempOAC/riscv_restored/simulation/qsim/wave.vwf.vht
quartus_eda --write_settings_files=off --simulation=on --functional=off --flatten_buses=off --timescale=1ps --tool=modelsim_oem --format=vhdl --output_directory=C:/tempOAC/riscv_restored/simulation/qsim/ riscv -c riscv
quartus_eda --gen_testbench --tool=modelsim_oem --format=vhdl --write_settings_files=off riscv -c riscv --vector_source=C:/tempOAC/riscv_restored/wave.vwf --testbench_file=C:/tempOAC/riscv_restored/simulation/qsim/wave.vwf.vht
quartus_eda --write_settings_files=off --simulation=on --functional=off --flatten_buses=off --timescale=1ps --tool=modelsim_oem --format=vhdl --output_directory=C:/tempOAC/riscv_restored/simulation/qsim/ riscv -c riscv



